// Jest Snapshot v1, https://goo.gl/fbAQLP

exports[`CharacterDetail component renders CharacterDetail 1`] = `
<DocumentFragment>
  <section>
    <p>
      NameAbsalom
    </p>
    <p>
      GenderMale
    </p>
    <p>
      OccupationCult Leader
    </p>
    <p>
      Imagehttps://vignette.wikia.nocookie.net/x-files/images/3/31/Absalom.jpg/revision/latest/scale-to-width-down/310?cb=20070708201919
    </p>
    <p>
      DescriptionAbsalom was the leader of a cult...
    </p>
  </section>
</DocumentFragment>
`;
